                  :-) GROMACS - gmx mdrun, 2026.2-Homebrew (-:

Copyright 1991-2026 The GROMACS Authors.
GROMACS is free software; you can redistribute it and/or modify it
under the terms of the GNU Lesser General Public License
as published by the Free Software Foundation; either version 2.1
of the License, or (at your option) any later version.

                         Current GROMACS contributors:
       Mark Abraham           Andrey Alekseenko           Brian Andrews       
        Paul Bauer              Cathrine Bergh              Hugh Bird         
      Eliane Briand               Ania Brown                Yiqi Chen         
      Mahesh Doijade            Giacomo Fiorin          Stefan Fleischmann    
      Sergey Gorelov         Gilles Gouaillardet            Alan Gray         
   Farzaneh Jalalypour         Petter Johansson          Carsten Kutzner      
    Grzegorz Łazarski         Justin A. Lemkul          Magnus Lundborg      
        Julio Maia               Pascal Merz             Vedran Miletić      
      Dmitry Morozov           Lukas Müllender           Szilárd Páll      
 Andrea Pasquadibisceglie     Michele Pellegrino         Nicola Piasentin     
     Daniele Rapetti         Muhammad Umair Sadiq         Hubert Santuz       
      Michael Shirts           Tatiana Shugaeva          Alexey Shvetsov      
     Bálint Soproni            Philip Turner            Alessandra Villa     
        Yang Zhang        

                         Previous GROMACS contributors:
        Emile Apol             Rossen Apostolov           James Barnett       
      Vladimir Basov        Herman J.C. Berendsen          Par Bjelkmar       
      Christian Blau          Viacheslav Bolnykh            Kevin Boyd        
    Aldert van Buuren          Carlo Camilloni           Rudi van Drunen      
      Anton Feenstra           Oliver Fleetwood            Vytas Gapsys       
       Gaurav Garg             Gerrit Groenhof            Bert de Groot       
      Anca Hamuraru           Vincent Hindriksen          Victor Holanda      
     M. Eric Irrgang           Aleksei Iupinov              Joe Jordan        
    Christoph Junghans        Prashanth Kanduri        Dimitrios Karkoulis    
       Peter Kasson             Sebastian Kehl           Sebastian Keller     
        Jiri Kraus               Per Larsson              Viveca Lindahl      
      Erik Marklund           Pieter Meulenhoff           Teemu Murtola       
       Julien Nabet              Sander Pronk             Roland Schulz       
      Alfons Sijbers         David van der Spoel          Peter Tieleman      
      Carsten Uphoff             Jon Vincent             Teemu Virolainen     
    Christian Wennberg     Sebastian Wingbermühle         Maarten Wolf       
      Artem Zhmurov       

                  Coordinated by the GROMACS project leaders:
                           Berk Hess and Erik Lindahl

GROMACS:      gmx mdrun, version 2026.2-Homebrew
Executable:   /usr/local/bin/../Cellar/gromacs/2026.2/bin/gmx
Data prefix:  /usr/local/bin/../Cellar/gromacs/2026.2
Working dir:  /Users/thyagi/moka_pot_project/01_water_slab
Process ID:   7063
Command line:
  gmx mdrun -v -deffnm nvt

GROMACS version:     2026.2-Homebrew
Precision:           mixed
Memory model:        64 bit
MPI library:         thread_mpi
MPI version:         built in
OpenMP support:      enabled (GMX_OPENMP_MAX_THREADS = 128)
GPU support:         disabled
SIMD instructions:   SSE2
CPU FFT library:     fftw-3.3.11-sse2-avx-avx2-avx2_128
GPU FFT library:     none
Multi-GPU FFT:       none
RDTSCP:              disabled
TNG support:         enabled
Hwloc support:       disabled
Tracing support:     disabled
Colvars support:     enabled (version 2025-10-13)
CP2K support:        disabled
Torch support:       disabled
Plumed support:      enabled
C compiler:          /usr/bin/clang
C compiler flags:    -msse2 -Wno-missing-field-initializers -fno-stack-check -O3 -DNDEBUG
C++ compiler:        /usr/bin/clang++
C++ compiler flags:  -msse2 -Wno-reserved-identifier -Wno-missing-field-initializers -fno-stack-check -Weverything -Wno-c++98-compat -Wno-c++98-compat-pedantic -Wno-return-std-move-in-c++11 -Wno-source-uses-openmp -Wno-c++17-extensions -Wno-documentation-unknown-command -Wno-covered-switch-default -Wno-switch-enum -Wno-switch-default -Wno-extra-semi-stmt -Wno-weak-vtables -Wno-shadow -Wno-padded -Wno-reserved-id-macro -Wno-double-promotion -Wno-exit-time-destructors -Wno-global-constructors -Wno-documentation -Wno-format-nonliteral -Wno-used-but-marked-unused -Wno-float-equal -Wno-conditional-uninitialized -Wno-conversion -Wno-disabled-macro-expansion -Wno-unused-macros -Wno-unsafe-buffer-usage -Wno-stringop-truncation -Wno-cast-function-type-strict SHELL:-Xclang -fopenmp -O3 -DNDEBUG
BLAS library:        External - detected on the system
LAPACK library:      External - detected on the system


Running on 1 node with total 0 processing units
Hardware detected on host Thyagis-MacBook-Pro.local:
  CPU info:
    Vendor: Intel
    Brand:  Intel(R) Core(TM) i5-8257U CPU @ 1.40GHz
    Family: 6   Model: 142   Stepping: 10
    Features: aes apic avx avx2 clfsh cmov cx8 cx16 f16c fma htt intel lahf mmx msr nonstop_tsc pcid pclmuldq pdcm pdpe1gb popcnt pse rdrnd rdtscp sse2 sse3 sse4.1 sse4.2 ssse3 tdt x2apic
  Hardware topology: Only logical processor count
    CPU limit set by OS: -1   Recommended max number of threads: 8

Likely fastest SIMD instructions supported by all nodes: AVX2_256
SIMD instructions selected at compile time:              SSE2

The current CPU can measure timings more accurately than the code in
gmx mdrun was configured to use. This might affect your simulation
speed as accurate timings are needed for load-balancing.
Please consider rebuilding gmx mdrun with the GMX_USE_RDTSCP=ON CMake option.

++++ PLEASE READ AND CITE THE FOLLOWING REFERENCE ++++
M. J. Abraham, T. Murtola, R. Schulz, S. Páll, J. C. Smith, B. Hess, E.
Lindahl
GROMACS: High performance molecular simulations through multi-level
parallelism from laptops to supercomputers
SoftwareX (2015)
https://doi.org/10.1016/j.softx.2015.06.001
-------- -------- --- Thank You --- -------- --------


++++ PLEASE READ AND CITE THE FOLLOWING REFERENCE ++++
S. Páll, M. J. Abraham, C. Kutzner, B. Hess, E. Lindahl
Tackling Exascale Software Challenges in Molecular Dynamics Simulations with
GROMACS
In S. Markidis & E. Laure (Eds.), Solving Software Challenges for Exascale (2015)
https://doi.org/10.1007/978-3-319-15976-8_1
-------- -------- --- Thank You --- -------- --------


++++ PLEASE READ AND CITE THE FOLLOWING REFERENCE ++++
S. Pronk, S. Páll, R. Schulz, P. Larsson, P. Bjelkmar, R. Apostolov, M. R.
Shirts, J. C. Smith, P. M. Kasson, D. van der Spoel, B. Hess, E. Lindahl
GROMACS 4.5: a high-throughput and highly parallel open source molecular
simulation toolkit
Bioinformatics (2013)
https://doi.org/10.1093/bioinformatics/btt055
-------- -------- --- Thank You --- -------- --------


++++ PLEASE READ AND CITE THE FOLLOWING REFERENCE ++++
B. Hess, C. Kutzner, D. van der Spoel, E. Lindahl
GROMACS 4: Algorithms for highly efficient, load-balanced, and scalable
molecular simulation
J. Chem. Theory Comput. (2008)
https://doi.org/10.1021/ct700301q
-------- -------- --- Thank You --- -------- --------


++++ PLEASE READ AND CITE THE FOLLOWING REFERENCE ++++
D. van der Spoel, E. Lindahl, B. Hess, G. Groenhof, A. E. Mark, H. J. C.
Berendsen
GROMACS: Fast, Flexible and Free
J. Comp. Chem. (2005)
https://doi.org/10.1002/jcc.20291
-------- -------- --- Thank You --- -------- --------


++++ PLEASE READ AND CITE THE FOLLOWING REFERENCE ++++
E. Lindahl, B. Hess, D. van der Spoel
GROMACS 3.0: A package for molecular simulation and trajectory analysis
J. Mol. Mod. (2001)
https://doi.org/10.1007/s008940100045
-------- -------- --- Thank You --- -------- --------


++++ PLEASE READ AND CITE THE FOLLOWING REFERENCE ++++
H. J. C. Berendsen, D. van der Spoel and R. van Drunen
GROMACS: A message-passing parallel molecular dynamics implementation
Comp. Phys. Comm. (1995)
https://doi.org/10.1016/0010-4655(95)00042-E
-------- -------- --- Thank You --- -------- --------

Input Parameters:
   integrator                     = md
   tinit                          = 0
   dt                             = 0.002
   nsteps                         = 50000
   init-step                      = 0
   simulation-part                = 1
   mts                            = false
   mass-repartition-factor        = 1
   comm-mode                      = Linear
   nstcomm                        = 100
   bd-fric                        = 0
   ld-seed                        = -11809409
   emtol                          = 10
   emstep                         = 0.01
   niter                          = 20
   fcstep                         = 0
   nstcgsteep                     = 1000
   nbfgscorr                      = 10
   rtpi                           = 0.05
   nstxout                        = 0
   nstvout                        = 0
   nstfout                        = 0
   nstlog                         = 1000
   nstcalcenergy                  = 100
   nstenergy                      = 500
   nstxout-compressed             = 500
   compressed-x-precision         = 1000
   cutoff-scheme                  = Verlet
   nstlist                        = 10
   pbc                            = xyz
   periodic-molecules             = false
   verlet-buffer-tolerance        = 0.005
   verlet-buffer-pressure-tolerance = 0.5
   rlist                          = 1
   coulombtype                    = PME
   coulomb-modifier               = Potential-shift
   rcoulomb-switch                = 0
   rcoulomb                       = 1
   epsilon-r                      = 1
   epsilon-rf                     = inf
   vdw-type                       = Cut-off
   vdw-modifier                   = Potential-shift
   rvdw-switch                    = 0
   rvdw                           = 1
   DispCorr                       = No
   table-extension                = 1
   fourierspacing                 = 0.12
   fourier-nx                     = 42
   fourier-ny                     = 42
   fourier-nz                     = 128
   pme-order                      = 4
   ewald-rtol                     = 1e-05
   ewald-rtol-lj                  = 0.001
   lj-pme-comb-rule               = Geometric
   ewald-geometry                 = 3d
   epsilon-surface                = 0
   ensemble-temperature-setting   = constant
   ensemble-temperature           = 300
   tcoupl                         = V-rescale
   nsttcouple                     = 10
   nh-chain-length                = 0
   print-nose-hoover-chain-variables = false
   pcoupl                         = No
   refcoord-scaling               = No
   posres-com: not available
   posres-comB: not available
   QMMM                           = false
qm-opts:
   ngQM                           = 0
   constraint-algorithm           = Lincs
   continuation                   = false
   Shake-SOR                      = false
   shake-tol                      = 0.0001
   lincs-order                    = 4
   lincs-iter                     = 1
   lincs-warnangle                = 30
   nwall                          = 0
   wall-type                      = 9-3
   wall-r-linpot                  = -1
   wall-atomtype[0]               = -1
   wall-atomtype[1]               = -1
   wall-density[0]                = 0
   wall-density[1]                = 0
   wall-ewald-zfac                = 3
   pull                           = false
   awh                            = false
   rotation                       = false
   interactiveMD                  = false
   disre                          = No
   disre-weighting                = Conservative
   disre-mixed                    = false
   dr-fc                          = 1000
   dr-tau                         = 0
   nstdisreout                    = 100
   orire-fc                       = 0
   orire-tau                      = 0
   nstorireout                    = 100
   free-energy                    = no
   cos-acceleration               = 0
   deform (3x3):
      deform[    0]={ 0.00000e+00,  0.00000e+00,  0.00000e+00}
      deform[    1]={ 0.00000e+00,  0.00000e+00,  0.00000e+00}
      deform[    2]={ 0.00000e+00,  0.00000e+00,  0.00000e+00}
   simulated-tempering            = false
   swapcoords                     = no
   userint1                       = 0
   userint2                       = 0
   userint3                       = 0
   userint4                       = 0
   userreal1                      = 0
   userreal2                      = 0
   userreal3                      = 0
   userreal4                      = 0
   applied-forces:
     electric-field:
       x:
         E0                       = 0
         omega                    = 0
         t0                       = 0
         sigma                    = 0
       y:
         E0                       = 0
         omega                    = 0
         t0                       = 0
         sigma                    = 0
       z:
         E0                       = 0
         omega                    = 0
         t0                       = 0
         sigma                    = 0
     density-guided-simulation:
       active                     = false
       group                      = protein
       similarity-measure         = inner-product
       atom-spreading-weight      = unity
       force-constant             = 1e+09
       gaussian-transform-spreading-width = 0.2
       gaussian-transform-spreading-range-in-multiples-of-width = 4
       reference-density-filename = reference.mrc
       nst                        = 1
       normalize-densities        = true
       adaptive-force-scaling     = false
       adaptive-force-scaling-time-constant = 4
       shift-vector               = 
       transformation-matrix      = 
     qmmm-cp2k:
       active                     = false
       qmgroup                    = System
       qmmethod                   = PBE
       qmfilenames                = 
       qmcharge                   = 0
       qmmultiplicity             = 1
     colvars:
       active                     = false
       configfile                 = 
       seed                       = -1
     nnpot:
       active                     = false
       modelfile                  = model.pt
       input-group                = System
       link-type                  = H
       link-distance              = 0.1
       pair-cutoff                = 0
       embedding                  = mechanical
       nnp-charge                 = 0
       model-input1               = 
       model-input2               = 
       model-input3               = 
       model-input4               = 
       model-input5               = 
       model-input6               = 
       model-input7               = 
       model-input8               = 
       model-input9               = 
   fast-multipole-method:
     fmm:
       backend                    = inactive
       exafmm-order               = 6
       exafmm-direct-range        = 2
       exafmm-direct-provider     = GROMACS
       exafmm-tree-type           = uniform
       exafmm-tree-depth          = 0
       exafmm-max-particles-per-cell = 0
       fmsolvr-order              = 8
       fmsolvr-direct-range       = 1
       fmsolvr-direct-provider    = FMM
       fmsolvr-dipole-compensation = true
       fmsolvr-tree-depth         = 3
       fmsolvr-sparse             = false
grpopts:
   nrdf:       24327
   ref-t:         300
   tau-t:         0.1
annealing:          No
annealing-npoints:           0
   acc:	           0           0           0
   nfreeze:           N           N           N
   energygrp-flags[  0]: 0

Changing nstlist from 10 to 50, rlist from 1 to 1.109


Initializing Domain Decomposition on 1 ranks
Dynamic load balancing: auto
Using update groups, nr 4055, average size 3.0 atoms, max. radius 0.078 nm
Minimum cell size due to atom displacement: 0.301 nm
Using 0 separate PME ranks because: there are too few total ranks for efficient splitting
Optimizing the DD grid for 1 cells with a minimum initial size of 0.301 nm
The maximum allowed number of cells is: X 16 Y 16 Z 49
Domain decomposition grid 1 x 1 x 1, separate PME ranks 0
PME domain decomposition: 1 x 1 x 1

The initial number of communication pulses is:
The initial domain decomposition cell size is:

When dynamic load balancing gets turned on, these settings will change to:
The maximum number of communication pulses is:
The minimum size for domain decomposition cells is 1.265 nm
The requested allowed shrink of DD cells (option -dds) is: 0.80
The allowed shrink of domain decomposition cells is:

Local state does not use filler particles

Using 1 MPI thread
Using 8 OpenMP threads 

System total charge: 0.000
Will do PME sum in reciprocal space for electrostatic interactions.

++++ PLEASE READ AND CITE THE FOLLOWING REFERENCE ++++
U. Essmann, L. Perera, M. L. Berkowitz, T. Darden, H. Lee, L. G. Pedersen 
A smooth particle mesh Ewald method
J. Chem. Phys. (1995)
https://doi.org/10.1063/1.470117
-------- -------- --- Thank You --- -------- --------

Using a Gaussian width (1/beta) of 0.320163 nm for Ewald
Potential shift: LJ r^-12: -1.000e+00 r^-6: -1.000e+00, Ewald -1.000e-05
Initialized non-bonded Coulomb Ewald tables, spacing: 9.33e-04 size: 1073



Using SIMD4xM 4x4 nonbonded short-range kernels

Using a dual 4x4 pair-list setup updated with dynamic pruning:
  outer list: updated every 50 steps, buffer 0.109 nm, rlist 1.109 nm
  inner list: updated every 10 steps, buffer 0.000 nm, rlist 1.000 nm
At tolerance 0.005 kJ/mol/ps per atom, equivalent classical 1x1 list would be:
  outer list: updated every 50 steps, buffer 0.235 nm, rlist 1.235 nm
  inner list: updated every 10 steps, buffer 0.035 nm, rlist 1.035 nm

The average pressure is off by at most 0.32 bar due to missing LJ interactions

Using Geometric Lennard-Jones combination rule
Removing pbc first time

Linking all bonded interactions to atoms


++++ PLEASE READ AND CITE THE FOLLOWING REFERENCE ++++
S. Miyamoto, P. A. Kollman
SETTLE: An Analytical Version of the SHAKE and RATTLE Algorithms for Rigid
Water Models
J. Comp. Chem. (1992)
https://doi.org/10.1002/jcc.540130805
-------- -------- --- Thank You --- -------- --------


++++ PLEASE READ AND CITE THE FOLLOWING REFERENCE ++++
G. Bussi, D. Donadio, M. Parrinello
Canonical sampling through velocity rescaling
J. Chem. Phys. (2007)
https://doi.org/10.1063/1.2408420
-------- -------- --- Thank You --- -------- --------

There are: 12165 Atoms

Atom distribution over 1 domains: av 12165 stddev 0 min 12165 max 12165

Constraining the starting coordinates (step 0)

Constraining the coordinates at t0-dt (step 0)
Center of mass motion removal mode is Linear
We have the following groups for center of mass motion removal:
  0:  rest
RMS relative constraint deviation after constraining: 0.00e+00
Initial temperature: 298.548 K

Started mdrun on rank 0 Tue May 12 21:00:58 2026

           Step           Time
              0        0.00000

   Energies (kJ/mol)
        LJ (SR)   Coulomb (SR)   Coul. recip.      Potential    Kinetic En.
    2.95847e+04   -1.88591e+05    2.65541e+03   -1.56351e+05    3.04423e+04
   Total Energy  Conserved En.    Temperature Pressure (bar)
   -1.25908e+05   -1.25908e+05    3.01013e+02    2.97556e+02

           Step           Time
           1000        2.00000

   Energies (kJ/mol)
        LJ (SR)   Coulomb (SR)   Coul. recip.      Potential    Kinetic En.
    2.51540e+04   -1.83485e+05    1.27247e+03   -1.57058e+05    3.07178e+04
   Total Energy  Conserved En.    Temperature Pressure (bar)
   -1.26341e+05   -1.25831e+05    3.03737e+02   -6.66933e+01

           Step           Time
           2000        4.00000

   Energies (kJ/mol)
        LJ (SR)   Coulomb (SR)   Coul. recip.      Potential    Kinetic En.
    2.55899e+04   -1.84599e+05    1.19984e+03   -1.57809e+05    3.03314e+04
   Total Energy  Conserved En.    Temperature Pressure (bar)
   -1.27478e+05   -1.25828e+05    2.99916e+02    4.95181e+00

           Step           Time
           3000        6.00000

   Energies (kJ/mol)
        LJ (SR)   Coulomb (SR)   Coul. recip.      Potential    Kinetic En.
    2.54946e+04   -1.85173e+05    1.23684e+03   -1.58442e+05    3.01195e+04
   Total Energy  Conserved En.    Temperature Pressure (bar)
   -1.28322e+05   -1.25827e+05    2.97821e+02   -7.53096e+01

           Step           Time
           4000        8.00000

   Energies (kJ/mol)
        LJ (SR)   Coulomb (SR)   Coul. recip.      Potential    Kinetic En.
    2.47569e+04   -1.83768e+05    1.25589e+03   -1.57756e+05    3.03478e+04
   Total Energy  Conserved En.    Temperature Pressure (bar)
   -1.27408e+05   -1.25827e+05    3.00078e+02   -1.60488e+02

           Step           Time
           5000       10.00000

   Energies (kJ/mol)
        LJ (SR)   Coulomb (SR)   Coul. recip.      Potential    Kinetic En.
    2.54993e+04   -1.84691e+05    1.22142e+03   -1.57971e+05    3.00733e+04
   Total Energy  Conserved En.    Temperature Pressure (bar)
   -1.27897e+05   -1.25825e+05    2.97364e+02   -9.26956e+00

           Step           Time
           6000       12.00000

   Energies (kJ/mol)
        LJ (SR)   Coulomb (SR)   Coul. recip.      Potential    Kinetic En.
    2.50801e+04   -1.83775e+05    1.25624e+03   -1.57439e+05    3.08545e+04
   Total Energy  Conserved En.    Temperature Pressure (bar)
   -1.26584e+05   -1.25827e+05    3.05088e+02   -3.82848e+01

           Step           Time
           7000       14.00000

   Energies (kJ/mol)
        LJ (SR)   Coulomb (SR)   Coul. recip.      Potential    Kinetic En.
    2.42356e+04   -1.82537e+05    1.31028e+03   -1.56991e+05    3.03467e+04
   Total Energy  Conserved En.    Temperature Pressure (bar)
   -1.26644e+05   -1.25825e+05    3.00067e+02   -1.62881e+02

           Step           Time
           8000       16.00000

   Energies (kJ/mol)
        LJ (SR)   Coulomb (SR)   Coul. recip.      Potential    Kinetic En.
    2.51588e+04   -1.83922e+05    1.23044e+03   -1.57533e+05    3.04881e+04
   Total Energy  Conserved En.    Temperature Pressure (bar)
   -1.27045e+05   -1.25823e+05    3.01465e+02   -7.26736e+01

           Step           Time
           9000       18.00000

   Energies (kJ/mol)
        LJ (SR)   Coulomb (SR)   Coul. recip.      Potential    Kinetic En.
    2.54954e+04   -1.85314e+05    1.26448e+03   -1.58554e+05    3.03385e+04
   Total Energy  Conserved En.    Temperature Pressure (bar)
   -1.28215e+05   -1.25819e+05    2.99986e+02   -2.49863e+01

           Step           Time
          10000       20.00000

   Energies (kJ/mol)
        LJ (SR)   Coulomb (SR)   Coul. recip.      Potential    Kinetic En.
    2.59656e+04   -1.85043e+05    1.25625e+03   -1.57821e+05    3.01043e+04
   Total Energy  Conserved En.    Temperature Pressure (bar)
   -1.27717e+05   -1.25814e+05    2.97671e+02    7.27897e+01

           Step           Time
          11000       22.00000

   Energies (kJ/mol)
        LJ (SR)   Coulomb (SR)   Coul. recip.      Potential    Kinetic En.
    2.54449e+04   -1.84304e+05    1.26841e+03   -1.57591e+05    3.00681e+04
   Total Energy  Conserved En.    Temperature Pressure (bar)
   -1.27523e+05   -1.25816e+05    2.97312e+02   -3.18472e+01

           Step           Time
          12000       24.00000

   Energies (kJ/mol)
        LJ (SR)   Coulomb (SR)   Coul. recip.      Potential    Kinetic En.
    2.58908e+04   -1.85475e+05    1.24736e+03   -1.58337e+05    3.02187e+04
   Total Energy  Conserved En.    Temperature Pressure (bar)
   -1.28118e+05   -1.25816e+05    2.98802e+02    7.59137e+00

           Step           Time
          13000       26.00000

   Energies (kJ/mol)
        LJ (SR)   Coulomb (SR)   Coul. recip.      Potential    Kinetic En.
    2.52921e+04   -1.83515e+05    1.28535e+03   -1.56938e+05    3.05157e+04
   Total Energy  Conserved En.    Temperature Pressure (bar)
   -1.26422e+05   -1.25815e+05    3.01739e+02   -1.96104e+01

           Step           Time
          14000       28.00000

   Energies (kJ/mol)
        LJ (SR)   Coulomb (SR)   Coul. recip.      Potential    Kinetic En.
    2.47360e+04   -1.83013e+05    1.25781e+03   -1.57019e+05    3.02170e+04
   Total Energy  Conserved En.    Temperature Pressure (bar)
   -1.26802e+05   -1.25810e+05    2.98785e+02   -1.42626e+02

           Step           Time
          15000       30.00000

   Energies (kJ/mol)
        LJ (SR)   Coulomb (SR)   Coul. recip.      Potential    Kinetic En.
    2.42107e+04   -1.82702e+05    1.20203e+03   -1.57290e+05    3.06845e+04
   Total Energy  Conserved En.    Temperature Pressure (bar)
   -1.26605e+05   -1.25816e+05    3.03408e+02   -1.70273e+02

           Step           Time
          16000       32.00000

   Energies (kJ/mol)
        LJ (SR)   Coulomb (SR)   Coul. recip.      Potential    Kinetic En.
    2.57198e+04   -1.84862e+05    1.20588e+03   -1.57937e+05    3.04623e+04
   Total Energy  Conserved En.    Temperature Pressure (bar)
   -1.27474e+05   -1.25811e+05    3.01210e+02    1.11207e+01

           Step           Time
          17000       34.00000

   Energies (kJ/mol)
        LJ (SR)   Coulomb (SR)   Coul. recip.      Potential    Kinetic En.
    2.56298e+04   -1.84873e+05    1.29076e+03   -1.57953e+05    3.05376e+04
   Total Energy  Conserved En.    Temperature Pressure (bar)
   -1.27415e+05   -1.25811e+05    3.01955e+02   -5.71044e+00

           Step           Time
          18000       36.00000

   Energies (kJ/mol)
        LJ (SR)   Coulomb (SR)   Coul. recip.      Potential    Kinetic En.
    2.50774e+04   -1.84244e+05    1.22587e+03   -1.57941e+05    3.00946e+04
   Total Energy  Conserved En.    Temperature Pressure (bar)
   -1.27846e+05   -1.25813e+05    2.97575e+02   -1.30192e+02

           Step           Time
          19000       38.00000

   Energies (kJ/mol)
        LJ (SR)   Coulomb (SR)   Coul. recip.      Potential    Kinetic En.
    2.55766e+04   -1.84518e+05    1.22878e+03   -1.57712e+05    2.98032e+04
   Total Energy  Conserved En.    Temperature Pressure (bar)
   -1.27909e+05   -1.25804e+05    2.94694e+02    1.52949e+01

           Step           Time
          20000       40.00000

   Energies (kJ/mol)
        LJ (SR)   Coulomb (SR)   Coul. recip.      Potential    Kinetic En.
    2.61083e+04   -1.85877e+05    1.22183e+03   -1.58547e+05    3.05983e+04
   Total Energy  Conserved En.    Temperature Pressure (bar)
   -1.27948e+05   -1.25808e+05    3.02555e+02    4.55608e+01

           Step           Time
          21000       42.00000

   Energies (kJ/mol)
        LJ (SR)   Coulomb (SR)   Coul. recip.      Potential    Kinetic En.
    2.55285e+04   -1.84170e+05    1.25197e+03   -1.57390e+05    3.03674e+04
   Total Energy  Conserved En.    Temperature Pressure (bar)
   -1.27022e+05   -1.25805e+05    3.00272e+02   -2.72571e+00

           Step           Time
          22000       44.00000

   Energies (kJ/mol)
        LJ (SR)   Coulomb (SR)   Coul. recip.      Potential    Kinetic En.
    2.54880e+04   -1.85078e+05    1.16198e+03   -1.58428e+05    3.02460e+04
   Total Energy  Conserved En.    Temperature Pressure (bar)
   -1.28182e+05   -1.25808e+05    2.99072e+02   -6.69930e+01

           Step           Time
          23000       46.00000

   Energies (kJ/mol)
        LJ (SR)   Coulomb (SR)   Coul. recip.      Potential    Kinetic En.
    2.62511e+04   -1.86047e+05    1.21355e+03   -1.58582e+05    3.01494e+04
   Total Energy  Conserved En.    Temperature Pressure (bar)
   -1.28433e+05   -1.25799e+05    2.98117e+02    8.27932e+01

           Step           Time
          24000       48.00000

   Energies (kJ/mol)
        LJ (SR)   Coulomb (SR)   Coul. recip.      Potential    Kinetic En.
    2.52503e+04   -1.84018e+05    1.22918e+03   -1.57539e+05    3.04414e+04
   Total Energy  Conserved En.    Temperature Pressure (bar)
   -1.27097e+05   -1.25805e+05    3.01004e+02   -2.81928e+01

           Step           Time
          25000       50.00000

   Energies (kJ/mol)
        LJ (SR)   Coulomb (SR)   Coul. recip.      Potential    Kinetic En.
    2.53183e+04   -1.83919e+05    1.27636e+03   -1.57325e+05    2.99897e+04
   Total Energy  Conserved En.    Temperature Pressure (bar)
   -1.27335e+05   -1.25796e+05    2.96537e+02   -1.39435e+01

           Step           Time
          26000       52.00000

   Energies (kJ/mol)
        LJ (SR)   Coulomb (SR)   Coul. recip.      Potential    Kinetic En.
    2.54750e+04   -1.84155e+05    1.23535e+03   -1.57445e+05    3.04829e+04
   Total Energy  Conserved En.    Temperature Pressure (bar)
   -1.26962e+05   -1.25792e+05    3.01414e+02    3.47454e+01

           Step           Time
          27000       54.00000

   Energies (kJ/mol)
        LJ (SR)   Coulomb (SR)   Coul. recip.      Potential    Kinetic En.
    2.47412e+04   -1.83288e+05    1.28128e+03   -1.57266e+05    3.04052e+04
   Total Energy  Conserved En.    Temperature Pressure (bar)
   -1.26860e+05   -1.25794e+05    3.00646e+02   -1.40142e+02

           Step           Time
          28000       56.00000

   Energies (kJ/mol)
        LJ (SR)   Coulomb (SR)   Coul. recip.      Potential    Kinetic En.
    2.48447e+04   -1.83676e+05    1.27162e+03   -1.57560e+05    3.06738e+04
   Total Energy  Conserved En.    Temperature Pressure (bar)
   -1.26886e+05   -1.25798e+05    3.03301e+02   -9.85242e+01

           Step           Time
          29000       58.00000

   Energies (kJ/mol)
        LJ (SR)   Coulomb (SR)   Coul. recip.      Potential    Kinetic En.
    2.47779e+04   -1.83670e+05    1.27217e+03   -1.57620e+05    3.04583e+04
   Total Energy  Conserved En.    Temperature Pressure (bar)
   -1.27161e+05   -1.25793e+05    3.01171e+02   -1.08093e+02

           Step           Time
          30000       60.00000

   Energies (kJ/mol)
        LJ (SR)   Coulomb (SR)   Coul. recip.      Potential    Kinetic En.
    2.49964e+04   -1.84167e+05    1.23445e+03   -1.57936e+05    3.04888e+04
   Total Energy  Conserved En.    Temperature Pressure (bar)
   -1.27447e+05   -1.25791e+05    3.01472e+02   -9.42052e+01

           Step           Time
          31000       62.00000

   Energies (kJ/mol)
        LJ (SR)   Coulomb (SR)   Coul. recip.      Potential    Kinetic En.
    2.55587e+04   -1.84931e+05    1.16608e+03   -1.58206e+05    3.02245e+04
   Total Energy  Conserved En.    Temperature Pressure (bar)
   -1.27982e+05   -1.25790e+05    2.98859e+02   -5.80080e+01

           Step           Time
          32000       64.00000

   Energies (kJ/mol)
        LJ (SR)   Coulomb (SR)   Coul. recip.      Potential    Kinetic En.
    2.43409e+04   -1.82487e+05    1.22886e+03   -1.56917e+05    3.03424e+04
   Total Energy  Conserved En.    Temperature Pressure (bar)
   -1.26575e+05   -1.25789e+05    3.00025e+02   -1.56134e+02

           Step           Time
          33000       66.00000

   Energies (kJ/mol)
        LJ (SR)   Coulomb (SR)   Coul. recip.      Potential    Kinetic En.
    2.57139e+04   -1.84799e+05    1.23398e+03   -1.57851e+05    3.02338e+04
   Total Energy  Conserved En.    Temperature Pressure (bar)
   -1.27617e+05   -1.25783e+05    2.98951e+02    1.86621e+01

           Step           Time
          34000       68.00000

   Energies (kJ/mol)
        LJ (SR)   Coulomb (SR)   Coul. recip.      Potential    Kinetic En.
    2.52200e+04   -1.84022e+05    1.23053e+03   -1.57571e+05    3.06787e+04
   Total Energy  Conserved En.    Temperature Pressure (bar)
   -1.26892e+05   -1.25792e+05    3.03350e+02   -3.89294e+01

           Step           Time
          35000       70.00000

   Energies (kJ/mol)
        LJ (SR)   Coulomb (SR)   Coul. recip.      Potential    Kinetic En.
    2.54183e+04   -1.84297e+05    1.23706e+03   -1.57641e+05    3.02253e+04
   Total Energy  Conserved En.    Temperature Pressure (bar)
   -1.27416e+05   -1.25781e+05    2.98867e+02   -1.15019e+01

           Step           Time
          36000       72.00000

   Energies (kJ/mol)
        LJ (SR)   Coulomb (SR)   Coul. recip.      Potential    Kinetic En.
    2.52321e+04   -1.83798e+05    1.33457e+03   -1.57231e+05    3.05606e+04
   Total Energy  Conserved En.    Temperature Pressure (bar)
   -1.26671e+05   -1.25785e+05    3.02182e+02   -1.97094e+01

           Step           Time
          37000       74.00000

   Energies (kJ/mol)
        LJ (SR)   Coulomb (SR)   Coul. recip.      Potential    Kinetic En.
    2.41703e+04   -1.82576e+05    1.21343e+03   -1.57192e+05    3.04818e+04
   Total Energy  Conserved En.    Temperature Pressure (bar)
   -1.26710e+05   -1.25786e+05    3.01403e+02   -1.87594e+02

           Step           Time
          38000       76.00000

   Energies (kJ/mol)
        LJ (SR)   Coulomb (SR)   Coul. recip.      Potential    Kinetic En.
    2.50412e+04   -1.83751e+05    1.31889e+03   -1.57391e+05    3.07207e+04
   Total Energy  Conserved En.    Temperature Pressure (bar)
   -1.26670e+05   -1.25775e+05    3.03766e+02   -8.45203e+01

           Step           Time
          39000       78.00000

   Energies (kJ/mol)
        LJ (SR)   Coulomb (SR)   Coul. recip.      Potential    Kinetic En.
    2.51536e+04   -1.83590e+05    1.25390e+03   -1.57183e+05    3.03422e+04
   Total Energy  Conserved En.    Temperature Pressure (bar)
   -1.26841e+05   -1.25773e+05    3.00023e+02   -2.91737e+01

           Step           Time
          40000       80.00000

   Energies (kJ/mol)
        LJ (SR)   Coulomb (SR)   Coul. recip.      Potential    Kinetic En.
    2.53663e+04   -1.83798e+05    1.24255e+03   -1.57189e+05    3.06656e+04
   Total Energy  Conserved En.    Temperature Pressure (bar)
   -1.26524e+05   -1.25781e+05    3.03220e+02   -2.05163e+01

           Step           Time
          41000       82.00000

   Energies (kJ/mol)
        LJ (SR)   Coulomb (SR)   Coul. recip.      Potential    Kinetic En.
    2.50128e+04   -1.83978e+05    1.25589e+03   -1.57709e+05    3.04666e+04
   Total Energy  Conserved En.    Temperature Pressure (bar)
   -1.27243e+05   -1.25770e+05    3.01253e+02   -8.62654e+01

           Step           Time
          42000       84.00000

   Energies (kJ/mol)
        LJ (SR)   Coulomb (SR)   Coul. recip.      Potential    Kinetic En.
    2.61831e+04   -1.85186e+05    1.25142e+03   -1.57752e+05    3.01478e+04
   Total Energy  Conserved En.    Temperature Pressure (bar)
   -1.27604e+05   -1.25773e+05    2.98100e+02    9.03182e+01

           Step           Time
          43000       86.00000

   Energies (kJ/mol)
        LJ (SR)   Coulomb (SR)   Coul. recip.      Potential    Kinetic En.
    2.50294e+04   -1.84275e+05    1.18960e+03   -1.58056e+05    3.01992e+04
   Total Energy  Conserved En.    Temperature Pressure (bar)
   -1.27856e+05   -1.25772e+05    2.98609e+02   -1.22483e+02

           Step           Time
          44000       88.00000

   Energies (kJ/mol)
        LJ (SR)   Coulomb (SR)   Coul. recip.      Potential    Kinetic En.
    2.58601e+04   -1.84085e+05    1.27226e+03   -1.56953e+05    3.03556e+04
   Total Energy  Conserved En.    Temperature Pressure (bar)
   -1.26598e+05   -1.25772e+05    3.00155e+02    5.86001e+01

           Step           Time
          45000       90.00000

   Energies (kJ/mol)
        LJ (SR)   Coulomb (SR)   Coul. recip.      Potential    Kinetic En.
    2.54154e+04   -1.84518e+05    1.21374e+03   -1.57889e+05    3.05108e+04
   Total Energy  Conserved En.    Temperature Pressure (bar)
   -1.27378e+05   -1.25773e+05    3.01690e+02   -1.37407e+01

           Step           Time
          46000       92.00000

   Energies (kJ/mol)
        LJ (SR)   Coulomb (SR)   Coul. recip.      Potential    Kinetic En.
    2.56056e+04   -1.83922e+05    1.25208e+03   -1.57064e+05    3.01964e+04
   Total Energy  Conserved En.    Temperature Pressure (bar)
   -1.26867e+05   -1.25765e+05    2.98581e+02    2.77414e+01

           Step           Time
          47000       94.00000

   Energies (kJ/mol)
        LJ (SR)   Coulomb (SR)   Coul. recip.      Potential    Kinetic En.
    2.53818e+04   -1.84438e+05    1.30850e+03   -1.57748e+05    3.05955e+04
   Total Energy  Conserved En.    Temperature Pressure (bar)
   -1.27152e+05   -1.25763e+05    3.02528e+02   -2.23753e+01

           Step           Time
          48000       96.00000

   Energies (kJ/mol)
        LJ (SR)   Coulomb (SR)   Coul. recip.      Potential    Kinetic En.
    2.59796e+04   -1.85259e+05    1.35150e+03   -1.57928e+05    3.03251e+04
   Total Energy  Conserved En.    Temperature Pressure (bar)
   -1.27603e+05   -1.25760e+05    2.99854e+02    6.11419e+01

           Step           Time
          49000       98.00000

   Energies (kJ/mol)
        LJ (SR)   Coulomb (SR)   Coul. recip.      Potential    Kinetic En.
    2.50447e+04   -1.83696e+05    1.24584e+03   -1.57406e+05    3.01032e+04
   Total Energy  Conserved En.    Temperature Pressure (bar)
   -1.27302e+05   -1.25763e+05    2.97660e+02   -6.02731e+01

           Step           Time
          50000      100.00000

Writing checkpoint, step 50000 at Tue May 12 21:07:22 2026


   Energies (kJ/mol)
        LJ (SR)   Coulomb (SR)   Coul. recip.      Potential    Kinetic En.
    2.52958e+04   -1.83624e+05    1.29507e+03   -1.57033e+05    3.07092e+04
   Total Energy  Conserved En.    Temperature Pressure (bar)
   -1.26324e+05   -1.25759e+05    3.03652e+02    2.35736e+01


Energy conservation over simulation part #1 of length 100 ps, time 0 to 100 ps
  Conserved energy drift: 1.23e-04 kJ/mol/ps per atom


	<======  ###############  ==>
	<====  A V E R A G E S  ====>
	<==  ###############  ======>

	Statistics over 50001 steps using 501 frames

   Energies (kJ/mol)
        LJ (SR)   Coulomb (SR)   Coul. recip.      Potential    Kinetic En.
    2.53399e+04   -1.84286e+05    1.24937e+03   -1.57696e+05    3.03572e+04
   Total Energy  Conserved En.    Temperature Pressure (bar)
   -1.27339e+05   -1.25798e+05    3.00172e+02   -3.78549e+01

   Total Virial (kJ/mol)
    1.06831e+04   -3.90388e+00   -6.48006e+00
   -3.92611e+00    1.07352e+04   -8.37480e+00
   -6.42266e+00   -8.17392e+00    1.02213e+04

   Pressure (bar)
   -5.17446e+01   -7.66710e-01    1.14550e+00
   -7.64741e-01   -5.87059e+01    9.33464e-01
    1.14041e+00    9.15674e-01   -3.11424e+00


	M E G A - F L O P S   A C C O U N T I N G

 NB=Group-cutoff nonbonded kernels    NxN=N-by-N cluster Verlet kernels
 RF=Reaction-Field  VdW=Van der Waals  QSTab=quadratic-spline table
 W3=SPC/TIP3p  W4=TIP4p (single or pairs)
 V&F=Potential and force  V=Potential only  F=Force only

 Computing:                               M-Number         M-Flops  % Flops
-----------------------------------------------------------------------------
 Pair Search distance check            3172.433974       28551.906     0.2
 NxN QSTab Elec. + LJ [F]            137933.506576     5655273.770    39.1
 NxN QSTab Elec. + LJ [V&F]            1395.847256       82354.988     0.6
 NxN QSTab Elec. [F]                 135111.877136     4593803.823    31.8
 NxN QSTab Elec. [V&F]                 1367.550920       56069.588     0.4
 Calc Weights                          1824.786495       65692.314     0.5
 Spread Q Bspline                     38928.778560       77857.557     0.5
 Gather F Bspline                     38928.778560      233572.671     1.6
 3D-FFT                              401570.831256     3212566.650    22.2
 Solve PME                             5733.114660      366919.338     2.5
 Reset In Box                            12.177165          36.531     0.0
 CG-CoM                                  12.189330          36.568     0.0
 Virial                                   6.117210         110.110     0.0
 Stop-CM                                  6.106830          61.068     0.0
 Calc-Ekin                              121.674330        3285.207     0.0
 Constraint-V                           608.274330        5474.469     0.0
 Constraint-Vir                           6.094665         146.272     0.0
 Settle                                 202.762165       75022.001     0.5
-----------------------------------------------------------------------------
 Total                                                14456834.831   100.0
-----------------------------------------------------------------------------


    D O M A I N   D E C O M P O S I T I O N   S T A T I S T I C S

 av. #atoms communicated per step for force:  2 x 0.0


      R E A L   C Y C L E   A N D   T I M E   A C C O U N T I N G

On 1 MPI rank, each using 8 OpenMP threads

 Activity:              Num   Num      Call    Wall time         Giga-Cycles
                        Ranks Threads  Count      (s)         total sum    %
--------------------------------------------------------------------------------
 Domain decomp.            1    8       1001       1.725         19.204   0.4
 Neighbor search           1    8       1001       5.309         59.121   1.4
 Force                     1    8      50001     232.253       2586.300  60.4
 PME mesh                  1    8      50001     124.343       1384.648  32.3
 NB X/F buffer ops.        1    8     100002       8.472         94.342   2.2
 Write traj.               1    8        101       0.242          2.689   0.1
 Update                    1    8      50001       5.239         58.341   1.4
 Constraints               1    8      50003       5.174         57.616   1.3
 Kinetic energy            1    8      10001       0.825          9.188   0.2
 Rest                                              0.857          9.548   0.2
--------------------------------------------------------------------------------
 Total                                           384.439       4280.998 100.0
--------------------------------------------------------------------------------
 Breakdown of PME mesh activities
--------------------------------------------------------------------------------
 PME spread                1    8      50001      29.483        328.316   7.7
 PME gather                1    8      50001      31.321        348.785   8.1
 PME 3D-FFT                1    8     100002      54.959        612.007  14.3
 PME solve Elec            1    8      50001       8.407         93.623   2.2
--------------------------------------------------------------------------------

               Core t (s)   Wall t (s)        (%)
       Time:     3075.474      384.439      800.0
                 (ns/day)    (hour/ns)    (ms/step)  (Matom*steps/s) 
Performance:       22.475        1.068        7.689            1.582 
Finished mdrun on rank 0 Tue May 12 21:07:22 2026

